2026-07-14 08:35:41 +0000 [MT] Initial pipeline context: <IDEDistributionProcessingPipelineContext: 0x804280000; archive(resolved)="<IDEArchive: 0x8068e7950>", distributionTask(resolved)="2", distributionDestination(resolved)="1", distributionMethod(resolved)="<IDEDistributionMethodDeveloperID: 0x806ab0120>", team(resolved)="<IDEProvisioningBasicTeam: 0x806b824c0; teamID='9B6S2Y8856', teamName='(null)'>">
	Chain (12, self inclusive):
	<IDEDistributionProcessingPipelineContext: 0x804280000; archive = "<IDEArchive: 0x8068e7950>", distributionMethod="<IDEDistributionMethodDeveloperID: 0x806ab0120>", team="<IDEProvisioningBasicTeam: 0x806b824c0; teamID='9B6S2Y8856', teamName='(null)'>">
	<IDEDistributionProcessingPipelineContext: 0x804280300; archive = "<IDEArchive: 0x8068e7950>", distributionMethod="<IDEDistributionMethodDeveloperID: 0x806ab0120>", team="<IDEProvisioningBasicTeam: 0x806b824c0; teamID='9B6S2Y8856', teamName='(null)'>">
	<IDEDistributionContext: 0x80447e300; archive = "<IDEArchive: 0x8068e7950>", distributionMethod="<IDEDistributionMethodDeveloperID: 0x806ab0120>", team="<IDEProvisioningBasicTeam: 0x806b824c0; teamID='9B6S2Y8856', teamName='(null)'>">
	<IDEDistributionContext: 0x80447e080; archive = "<IDEArchive: 0x8068e7950>", distributionMethod="<IDEDistributionMethodDeveloperID: 0x806ab0120>", team="<IDEProvisioningBasicTeam: 0x806b824c0; teamID='9B6S2Y8856', teamName='(null)'>">
	<IDEDistributionContext: 0x80447db80; archive = "<IDEArchive: 0x8068e7950>", distributionMethod="<IDEDistributionMethodDeveloperID: 0x806ab0120>", team="<IDEProvisioningBasicTeam: 0x806b824c0; teamID='9B6S2Y8856', teamName='(null)'>">
	<IDEDistributionContext: 0x80447de00; archive = "<IDEArchive: 0x8068e7950>", distributionMethod="<IDEDistributionMethodDeveloperID: 0x806ab0120>", team="<IDEProvisioningBasicTeam: 0x806b824c0; teamID='9B6S2Y8856', teamName='(null)'>">
	<IDEDistributionContext: 0x80447cc80; archive = "<IDEArchive: 0x8068e7950>", distributionMethod="<IDEDistributionMethodDeveloperID: 0x806ab0120>", team="<IDEProvisioningBasicTeam: 0x806b824c0; teamID='9B6S2Y8856', teamName='(null)'>">
	<IDEDistributionContext: 0x80447ca00; archive = "<IDEArchive: 0x8068e7950>", distributionMethod="<IDEDistributionMethodDeveloperID: 0x806ab0120>", team="<IDEProvisioningBasicTeam: 0x806b824c0; teamID='9B6S2Y8856', teamName='(null)'>">
	<IDEDistributionContext: 0x80447c780; archive = "<IDEArchive: 0x8068e7950>", distributionMethod="<IDEDistributionMethodDeveloperID: 0x806ab0120>", team="<IDEProvisioningBasicTeam: 0x806b824c0; teamID='9B6S2Y8856', teamName='(null)'>">
	<IDEDistributionContext: 0x80447c500; archive = "<IDEArchive: 0x8068e7950>", distributionMethod="<IDEDistributionMethodDeveloperID: 0x806ab0120>", team="(null)">
	<IDEDistributionContext: 0x80447c280; archive = "<IDEArchive: 0x8068e7950>", distributionMethod="<IDEDistributionMethodDeveloperID: 0x806ab0120>", team="(null)">
	<IDEDistributionContext: 0x104a267b0; archive = "<IDEArchive: 0x8068e7950>", distributionMethod="(null)", team="(null)">
</IDEDistributionProcessingPipelineContext: 0x804280000>
2026-07-14 08:35:41 +0000 [MT] Processing step: IDEDistributionCreateDestRootStep
2026-07-14 08:35:41 +0000 [MT] Processing step: IDEDistributionCopyItemStep
2026-07-14 08:35:41 +0000 [MT] Running /usr/bin/ditto '-V' '/Users/t/projects/FocusGate/dist/FocusGate.xcarchive/Products/Applications/FocusGate.app' '/var/folders/gq/m1g4kpr13zj60np03qmyw5z40000gn/T/XcodeDistPipeline.~~~iKJUiN/Root/Applications/FocusGate.app'
2026-07-14 08:35:41 +0000  >>> Copying /Users/t/projects/FocusGate/dist/FocusGate.xcarchive/Products/Applications/FocusGate.app 
2026-07-14 08:35:41 +0000  copying file ./Contents/_CodeSignature/CodeResources ... 
2026-07-14 08:35:41 +0000  3790 bytes for ./Contents/_CodeSignature/CodeResources
2026-07-14 08:35:41 +0000  copying file ./Contents/MacOS/FocusGate ... 
2026-07-14 08:35:41 +0000  1023696 bytes for ./Contents/MacOS/FocusGate
2026-07-14 08:35:41 +0000  copying file ./Contents/Resources/AppIcon.icns ... 
2026-07-14 08:35:41 +0000  17064 bytes for ./Contents/Resources/AppIcon.icns
2026-07-14 08:35:41 +0000  copying file ./Contents/Resources/Assets.car ... 
2026-07-14 08:35:41 +0000  117976 bytes for ./Contents/Resources/Assets.car
2026-07-14 08:35:41 +0000  copying file ./Contents/Library/SystemExtensions/dev.turkdogan.FocusGate.FocusGateExtension.systemextension/Contents/_CodeSignature/CodeResources ... 
2026-07-14 08:35:41 +0000  2355 bytes for ./Contents/Library/SystemExtensions/dev.turkdogan.FocusGate.FocusGateExtension.systemextension/Contents/_CodeSignature/CodeResources
2026-07-14 08:35:41 +0000  copying file ./Contents/Library/SystemExtensions/dev.turkdogan.FocusGate.FocusGateExtension.systemextension/Contents/MacOS/dev.turkdogan.FocusGate.FocusGateExtension ... 
2026-07-14 08:35:41 +0000  385952 bytes for ./Contents/Library/SystemExtensions/dev.turkdogan.FocusGate.FocusGateExtension.systemextension/Contents/MacOS/dev.turkdogan.FocusGate.FocusGateExtension
2026-07-14 08:35:41 +0000  copying file ./Contents/Library/SystemExtensions/dev.turkdogan.FocusGate.FocusGateExtension.systemextension/Contents/embedded.provisionprofile ... 
2026-07-14 08:35:41 +0000  13483 bytes for ./Contents/Library/SystemExtensions/dev.turkdogan.FocusGate.FocusGateExtension.systemextension/Contents/embedded.provisionprofile
2026-07-14 08:35:41 +0000  copying file ./Contents/Library/SystemExtensions/dev.turkdogan.FocusGate.FocusGateExtension.systemextension/Contents/Info.plist ... 
2026-07-14 08:35:41 +0000  2043 bytes for ./Contents/Library/SystemExtensions/dev.turkdogan.FocusGate.FocusGateExtension.systemextension/Contents/Info.plist
2026-07-14 08:35:41 +0000  copying file ./Contents/embedded.provisionprofile ... 
2026-07-14 08:35:41 +0000  13517 bytes for ./Contents/embedded.provisionprofile
2026-07-14 08:35:41 +0000  copying file ./Contents/Info.plist ... 
2026-07-14 08:35:41 +0000  1486 bytes for ./Contents/Info.plist
2026-07-14 08:35:41 +0000  copying file ./Contents/PkgInfo ... 
2026-07-14 08:35:41 +0000  8 bytes for ./Contents/PkgInfo
2026-07-14 08:35:41 +0000 [MT] /usr/bin/ditto exited with 0
2026-07-14 08:35:41 +0000 [MT] Processing step: IDEDistributionEmbedProfileStep
2026-07-14 08:35:41 +0000 [MT] Processing step: IDEDistributionInfoPlistStep
2026-07-14 08:35:41 +0000 [MT] Skipping step: IDEDistributionInfoPlistStep because it said so
2026-07-14 08:35:41 +0000 [MT] Skipping step: IDEDistributionInfoPlistStep because it said so
2026-07-14 08:35:41 +0000 [MT] Processing step: IDEDistributionAppThinningPlistStep
2026-07-14 08:35:41 +0000 [MT] Processing step: IDEDistributionSymbolsStep
2026-07-14 08:35:41 +0000 [MT] Skipping step: IDEDistributionSymbolsStep because it said so
2026-07-14 08:35:41 +0000 [MT] Processing step: IDEDistributionAppThinningStep
2026-07-14 08:35:41 +0000 [MT] Skipping step: IDEDistributionAppThinningStep because it said so
2026-07-14 08:35:41 +0000 [MT] Processing step: IDEDistributionArchThinningStep
2026-07-14 08:35:41 +0000 [MT] Archs to thin for item /Users/t/projects/FocusGate/dist/FocusGate.xcarchive/Products/Applications/FocusGate.app/Contents/Library/SystemExtensions/dev.turkdogan.FocusGate.FocusGateExtension.systemextension are []
2026-07-14 08:35:41 +0000 [MT] Archs to thin for item /Users/t/projects/FocusGate/dist/FocusGate.xcarchive/Products/Applications/FocusGate.app are []
2026-07-14 08:35:41 +0000 [MT] Processing step: IDEDistributionODRStep
2026-07-14 08:35:41 +0000 [MT] Processing step: IDEDistributionStripXattrsStep
2026-07-14 08:35:41 +0000 [MT] Skipping stripping extended attributes because the codesign step will strip them.
2026-07-14 08:35:41 +0000 [MT] Skipping stripping extended attributes because the codesign step will strip them.
2026-07-14 08:35:41 +0000 [MT] Processing step: IDEDistributionCodesignStep
2026-07-14 08:35:41 +0000 [MT] Entitlements for <IDEDistributionItem: 0x80412ab80; bundleID='dev.turkdogan.FocusGate.FocusGateExtension', path='<DVTFilePath:0x804cd7020:'/Users/t/projects/FocusGate/dist/FocusGate.xcarchive/Products/Applications/FocusGate.app/Contents/Library/SystemExtensions/dev.turkdogan.FocusGate.FocusGateExtension.systemextension'>', codeSigningInfo='<_DVTCodeSigningInformation_Path: 0x80412abe0; isSigned='1', isAdHocSigned='0', signingCertificate='<DVTSigningCertificate: 0x806a50000; name='Developer ID Application: Turkdogan Tasdelen (9B6S2Y8856)', hash='287E291FF7810022315D76B3BC466A33768A7F03', serialNumber='6518AD0BEE07F87', certificateKinds='(
    "1.2.840.113635.100.6.1.13"
), issueDate='2026-01-08 14:58:12 +0000''>', entitlements='{
    "com.apple.application-identifier" = "9B6S2Y8856.dev.turkdogan.FocusGate.FocusGateExtension";
    "com.apple.developer.networking.networkextension" =     (
        "content-filter-provider-systemextension",
        "dns-proxy-systemextension"
    );
    "com.apple.developer.team-identifier" = 9B6S2Y8856;
    "com.apple.security.application-groups" =     (
        "group.dev.turkdogan.focusgate.shared",
        "9B6S2Y8856.dev.turkdogan.focusgate"
    );
}', teamID='9B6S2Y8856', identifier='dev.turkdogan.FocusGate.FocusGateExtension', executablePath='<DVTFilePath:0x806a40f80:'/Users/t/projects/FocusGate/dist/FocusGate.xcarchive/Products/Applications/FocusGate.app/Contents/Library/SystemExtensions/dev.turkdogan.FocusGate.FocusGateExtension.systemextension/Contents/MacOS/dev.turkdogan.FocusGate.FocusGateExtension'>', hardenedRuntime='1'>'>: {
    "com.apple.application-identifier" = "9B6S2Y8856.dev.turkdogan.FocusGate.FocusGateExtension";
    "com.apple.developer.networking.networkextension" =     (
        "content-filter-provider-systemextension",
        "dns-proxy-systemextension"
    );
    "com.apple.developer.team-identifier" = 9B6S2Y8856;
    "com.apple.security.application-groups" =     (
        "group.dev.turkdogan.focusgate.shared",
        "9B6S2Y8856.dev.turkdogan.focusgate"
    );
}
2026-07-14 08:35:41 +0000 [MT] Associated App Clip Identifiers Filter: Skipping because "com.apple.developer.associated-appclip-app-identifiers" is not present
2026-07-14 08:35:41 +0000 [MT] Entitlements for <IDEDistributionItem: 0x80412ab80; bundleID='dev.turkdogan.FocusGate.FocusGateExtension', path='<DVTFilePath:0x804cd7020:'/Users/t/projects/FocusGate/dist/FocusGate.xcarchive/Products/Applications/FocusGate.app/Contents/Library/SystemExtensions/dev.turkdogan.FocusGate.FocusGateExtension.systemextension'>', codeSigningInfo='<_DVTCodeSigningInformation_Path: 0x80412abe0; isSigned='1', isAdHocSigned='0', signingCertificate='<DVTSigningCertificate: 0x806a50240; name='Developer ID Application: Turkdogan Tasdelen (9B6S2Y8856)', hash='287E291FF7810022315D76B3BC466A33768A7F03', serialNumber='6518AD0BEE07F87', certificateKinds='(
    "1.2.840.113635.100.6.1.13"
), issueDate='2026-01-08 14:58:12 +0000''>', entitlements='{
    "com.apple.application-identifier" = "9B6S2Y8856.dev.turkdogan.FocusGate.FocusGateExtension";
    "com.apple.developer.networking.networkextension" =     (
        "content-filter-provider-systemextension",
        "dns-proxy-systemextension"
    );
    "com.apple.developer.team-identifier" = 9B6S2Y8856;
    "com.apple.security.application-groups" =     (
        "group.dev.turkdogan.focusgate.shared",
        "9B6S2Y8856.dev.turkdogan.focusgate"
    );
}', teamID='9B6S2Y8856', identifier='dev.turkdogan.FocusGate.FocusGateExtension', executablePath='<DVTFilePath:0x806a40f80:'/Users/t/projects/FocusGate/dist/FocusGate.xcarchive/Products/Applications/FocusGate.app/Contents/Library/SystemExtensions/dev.turkdogan.FocusGate.FocusGateExtension.systemextension/Contents/MacOS/dev.turkdogan.FocusGate.FocusGateExtension'>', hardenedRuntime='1'>'> are: {
    "com.apple.application-identifier" = "9B6S2Y8856.dev.turkdogan.FocusGate.FocusGateExtension";
    "com.apple.developer.networking.networkextension" =     (
        "content-filter-provider-systemextension",
        "dns-proxy-systemextension"
    );
    "com.apple.developer.team-identifier" = 9B6S2Y8856;
    "com.apple.security.application-groups" =     (
        "group.dev.turkdogan.focusgate.shared",
        "9B6S2Y8856.dev.turkdogan.focusgate"
    );
}
2026-07-14 08:35:41 +0000 [MT] Writing entitlements for <IDEDistributionItem: 0x80412ab80; bundleID='dev.turkdogan.FocusGate.FocusGateExtension', path='<DVTFilePath:0x804cd7020:'/Users/t/projects/FocusGate/dist/FocusGate.xcarchive/Products/Applications/FocusGate.app/Contents/Library/SystemExtensions/dev.turkdogan.FocusGate.FocusGateExtension.systemextension'>', codeSigningInfo='<_DVTCodeSigningInformation_Path: 0x80412abe0; isSigned='1', isAdHocSigned='0', signingCertificate='<DVTSigningCertificate: 0x806a50240; name='Developer ID Application: Turkdogan Tasdelen (9B6S2Y8856)', hash='287E291FF7810022315D76B3BC466A33768A7F03', serialNumber='6518AD0BEE07F87', certificateKinds='(
    "1.2.840.113635.100.6.1.13"
), issueDate='2026-01-08 14:58:12 +0000''>', entitlements='{
    "com.apple.application-identifier" = "9B6S2Y8856.dev.turkdogan.FocusGate.FocusGateExtension";
    "com.apple.developer.networking.networkextension" =     (
        "content-filter-provider-systemextension",
        "dns-proxy-systemextension"
    );
    "com.apple.developer.team-identifier" = 9B6S2Y8856;
    "com.apple.security.application-groups" =     (
        "group.dev.turkdogan.focusgate.shared",
        "9B6S2Y8856.dev.turkdogan.focusgate"
    );
}', teamID='9B6S2Y8856', identifier='dev.turkdogan.FocusGate.FocusGateExtension', executablePath='<DVTFilePath:0x806a40f80:'/Users/t/projects/FocusGate/dist/FocusGate.xcarchive/Products/Applications/FocusGate.app/Contents/Library/SystemExtensions/dev.turkdogan.FocusGate.FocusGateExtension.systemextension/Contents/MacOS/dev.turkdogan.FocusGate.FocusGateExtension'>', hardenedRuntime='1'>'> to: /var/folders/gq/m1g4kpr13zj60np03qmyw5z40000gn/T/XcodeDistPipeline.~~~iKJUiN/entitlements~~~ZmNOJK
2026-07-14 08:35:41 +0000 [MT] invoking codesign: <NSConcreteTask: 0x806065ae0; launchPath='/usr/bin/codesign', arguments='(
    "-f",
    "-s",
    287E291FF7810022315D76B3BC466A33768A7F03,
    "--entitlements",
    "/var/folders/gq/m1g4kpr13zj60np03qmyw5z40000gn/T/XcodeDistPipeline.~~~iKJUiN/entitlements~~~ZmNOJK",
    "--requirements",
    "=designated => anchor apple generic  and identifier \"$self.identifier\" and ((cert leaf[field.1.2.840.113635.100.6.1.9] exists) or ( certificate 1[field.1.2.840.113635.100.6.2.6] exists and certificate leaf[field.1.2.840.113635.100.6.1.13] exists  and certificate leaf[subject.OU] = \"9B6S2Y8856\" ))",
    "--preserve-metadata=identifier,flags,runtime,launch-constraints,library-constraints",
    "--generate-entitlement-der",
    "--strip-disallowed-xattrs",
    "-vvv",
    "/var/folders/gq/m1g4kpr13zj60np03qmyw5z40000gn/T/XcodeDistPipeline.~~~iKJUiN/Root/Applications/FocusGate.app/Contents/Library/SystemExtensions/dev.turkdogan.FocusGate.FocusGateExtension.systemextension"
)'>
2026-07-14 08:35:42 +0000 [MT] codesign output: /var/folders/gq/m1g4kpr13zj60np03qmyw5z40000gn/T/XcodeDistPipeline.~~~iKJUiN/Root/Applications/FocusGate.app/Contents/Library/SystemExtensions/dev.turkdogan.FocusGate.FocusGateExtension.systemextension: replacing existing signature
/var/folders/gq/m1g4kpr13zj60np03qmyw5z40000gn/T/XcodeDistPipeline.~~~iKJUiN/Root/Applications/FocusGate.app/Contents/Library/SystemExtensions/dev.turkdogan.FocusGate.FocusGateExtension.systemextension: signed bundle with Mach-O universal (x86_64 arm64) [dev.turkdogan.FocusGate.FocusGateExtension]
2026-07-14 08:35:42 +0000 [MT] Entitlements for <IDEDistributionItem: 0x80412aac0; bundleID='dev.turkdogan.FocusGate', path='<DVTFilePath:0x804128360:'/Users/t/projects/FocusGate/dist/FocusGate.xcarchive/Products/Applications/FocusGate.app'>', codeSigningInfo='<_DVTCodeSigningInformation_Path: 0x80412ab20; isSigned='1', isAdHocSigned='0', signingCertificate='<DVTSigningCertificate: 0x806a50000; name='Developer ID Application: Turkdogan Tasdelen (9B6S2Y8856)', hash='287E291FF7810022315D76B3BC466A33768A7F03', serialNumber='6518AD0BEE07F87', certificateKinds='(
    "1.2.840.113635.100.6.1.13"
), issueDate='2026-01-08 14:58:12 +0000''>', entitlements='{
    "com.apple.application-identifier" = "9B6S2Y8856.dev.turkdogan.FocusGate";
    "com.apple.developer.networking.networkextension" =     (
        "content-filter-provider-systemextension",
        "dns-proxy-systemextension"
    );
    "com.apple.developer.system-extension.install" = 1;
    "com.apple.developer.team-identifier" = 9B6S2Y8856;
    "com.apple.security.app-sandbox" = 1;
    "com.apple.security.application-groups" =     (
        "group.dev.turkdogan.focusgate.shared",
        "9B6S2Y8856.dev.turkdogan.focusgate"
    );
    "com.apple.security.files.user-selected.read-only" = 1;
    "com.apple.security.files.user-selected.read-write" = 1;
    "com.apple.security.network.client" = 1;
}', teamID='9B6S2Y8856', identifier='dev.turkdogan.FocusGate', executablePath='<DVTFilePath:0x804129500:'/Users/t/projects/FocusGate/dist/FocusGate.xcarchive/Products/Applications/FocusGate.app/Contents/MacOS/FocusGate'>', hardenedRuntime='1'>'>: {
    "com.apple.application-identifier" = "9B6S2Y8856.dev.turkdogan.FocusGate";
    "com.apple.developer.networking.networkextension" =     (
        "content-filter-provider-systemextension",
        "dns-proxy-systemextension"
    );
    "com.apple.developer.system-extension.install" = 1;
    "com.apple.developer.team-identifier" = 9B6S2Y8856;
    "com.apple.security.app-sandbox" = 1;
    "com.apple.security.application-groups" =     (
        "group.dev.turkdogan.focusgate.shared",
        "9B6S2Y8856.dev.turkdogan.focusgate"
    );
    "com.apple.security.files.user-selected.read-only" = 1;
    "com.apple.security.files.user-selected.read-write" = 1;
    "com.apple.security.network.client" = 1;
}
2026-07-14 08:35:42 +0000 [MT] Associated App Clip Identifiers Filter: Skipping because "com.apple.developer.associated-appclip-app-identifiers" is not present
2026-07-14 08:35:42 +0000 [MT] Entitlements for <IDEDistributionItem: 0x80412aac0; bundleID='dev.turkdogan.FocusGate', path='<DVTFilePath:0x804128360:'/Users/t/projects/FocusGate/dist/FocusGate.xcarchive/Products/Applications/FocusGate.app'>', codeSigningInfo='<_DVTCodeSigningInformation_Path: 0x80412ab20; isSigned='1', isAdHocSigned='0', signingCertificate='<DVTSigningCertificate: 0x806a50240; name='Developer ID Application: Turkdogan Tasdelen (9B6S2Y8856)', hash='287E291FF7810022315D76B3BC466A33768A7F03', serialNumber='6518AD0BEE07F87', certificateKinds='(
    "1.2.840.113635.100.6.1.13"
), issueDate='2026-01-08 14:58:12 +0000''>', entitlements='{
    "com.apple.application-identifier" = "9B6S2Y8856.dev.turkdogan.FocusGate";
    "com.apple.developer.networking.networkextension" =     (
        "content-filter-provider-systemextension",
        "dns-proxy-systemextension"
    );
    "com.apple.developer.system-extension.install" = 1;
    "com.apple.developer.team-identifier" = 9B6S2Y8856;
    "com.apple.security.app-sandbox" = 1;
    "com.apple.security.application-groups" =     (
        "group.dev.turkdogan.focusgate.shared",
        "9B6S2Y8856.dev.turkdogan.focusgate"
    );
    "com.apple.security.files.user-selected.read-only" = 1;
    "com.apple.security.files.user-selected.read-write" = 1;
    "com.apple.security.network.client" = 1;
}', teamID='9B6S2Y8856', identifier='dev.turkdogan.FocusGate', executablePath='<DVTFilePath:0x804129500:'/Users/t/projects/FocusGate/dist/FocusGate.xcarchive/Products/Applications/FocusGate.app/Contents/MacOS/FocusGate'>', hardenedRuntime='1'>'> are: {
    "com.apple.application-identifier" = "9B6S2Y8856.dev.turkdogan.FocusGate";
    "com.apple.developer.networking.networkextension" =     (
        "content-filter-provider-systemextension",
        "dns-proxy-systemextension"
    );
    "com.apple.developer.system-extension.install" = 1;
    "com.apple.developer.team-identifier" = 9B6S2Y8856;
    "com.apple.security.app-sandbox" = 1;
    "com.apple.security.application-groups" =     (
        "group.dev.turkdogan.focusgate.shared",
        "9B6S2Y8856.dev.turkdogan.focusgate"
    );
    "com.apple.security.files.user-selected.read-only" = 1;
    "com.apple.security.files.user-selected.read-write" = 1;
    "com.apple.security.network.client" = 1;
}
2026-07-14 08:35:42 +0000 [MT] Writing entitlements for <IDEDistributionItem: 0x80412aac0; bundleID='dev.turkdogan.FocusGate', path='<DVTFilePath:0x804128360:'/Users/t/projects/FocusGate/dist/FocusGate.xcarchive/Products/Applications/FocusGate.app'>', codeSigningInfo='<_DVTCodeSigningInformation_Path: 0x80412ab20; isSigned='1', isAdHocSigned='0', signingCertificate='<DVTSigningCertificate: 0x806a50240; name='Developer ID Application: Turkdogan Tasdelen (9B6S2Y8856)', hash='287E291FF7810022315D76B3BC466A33768A7F03', serialNumber='6518AD0BEE07F87', certificateKinds='(
    "1.2.840.113635.100.6.1.13"
), issueDate='2026-01-08 14:58:12 +0000''>', entitlements='{
    "com.apple.application-identifier" = "9B6S2Y8856.dev.turkdogan.FocusGate";
    "com.apple.developer.networking.networkextension" =     (
        "content-filter-provider-systemextension",
        "dns-proxy-systemextension"
    );
    "com.apple.developer.system-extension.install" = 1;
    "com.apple.developer.team-identifier" = 9B6S2Y8856;
    "com.apple.security.app-sandbox" = 1;
    "com.apple.security.application-groups" =     (
        "group.dev.turkdogan.focusgate.shared",
        "9B6S2Y8856.dev.turkdogan.focusgate"
    );
    "com.apple.security.files.user-selected.read-only" = 1;
    "com.apple.security.files.user-selected.read-write" = 1;
    "com.apple.security.network.client" = 1;
}', teamID='9B6S2Y8856', identifier='dev.turkdogan.FocusGate', executablePath='<DVTFilePath:0x804129500:'/Users/t/projects/FocusGate/dist/FocusGate.xcarchive/Products/Applications/FocusGate.app/Contents/MacOS/FocusGate'>', hardenedRuntime='1'>'> to: /var/folders/gq/m1g4kpr13zj60np03qmyw5z40000gn/T/XcodeDistPipeline.~~~iKJUiN/entitlements~~~N3nx0j
2026-07-14 08:35:42 +0000 [MT] invoking codesign: <NSConcreteTask: 0x806065bd0; launchPath='/usr/bin/codesign', arguments='(
    "-f",
    "-s",
    287E291FF7810022315D76B3BC466A33768A7F03,
    "--entitlements",
    "/var/folders/gq/m1g4kpr13zj60np03qmyw5z40000gn/T/XcodeDistPipeline.~~~iKJUiN/entitlements~~~N3nx0j",
    "--requirements",
    "=designated => anchor apple generic  and identifier \"$self.identifier\" and ((cert leaf[field.1.2.840.113635.100.6.1.9] exists) or ( certificate 1[field.1.2.840.113635.100.6.2.6] exists and certificate leaf[field.1.2.840.113635.100.6.1.13] exists  and certificate leaf[subject.OU] = \"9B6S2Y8856\" ))",
    "--preserve-metadata=identifier,flags,runtime,launch-constraints,library-constraints",
    "--generate-entitlement-der",
    "--strip-disallowed-xattrs",
    "-vvv",
    "/var/folders/gq/m1g4kpr13zj60np03qmyw5z40000gn/T/XcodeDistPipeline.~~~iKJUiN/Root/Applications/FocusGate.app"
)'>
2026-07-14 08:35:42 +0000 [MT] codesign output: /var/folders/gq/m1g4kpr13zj60np03qmyw5z40000gn/T/XcodeDistPipeline.~~~iKJUiN/Root/Applications/FocusGate.app: replacing existing signature
/var/folders/gq/m1g4kpr13zj60np03qmyw5z40000gn/T/XcodeDistPipeline.~~~iKJUiN/Root/Applications/FocusGate.app: signed app bundle with Mach-O universal (x86_64 arm64) [dev.turkdogan.FocusGate]
2026-07-14 08:35:42 +0000 [MT] Processing step: IDEDistributionZipODRItemStep
2026-07-14 08:35:42 +0000 [MT] Skipping step: IDEDistributionZipODRItemStep because it said so
2026-07-14 08:35:42 +0000 [MT] Skipping step: IDEDistributionZipODRItemStep because it said so
2026-07-14 08:35:42 +0000 [MT] Processing step: IDEDistributionSkipPackagingStep
2026-07-14 08:35:42 +0000 [MT] Processing step: IDEDistributionAppStoreInformationStep
2026-07-14 08:35:42 +0000 [MT] Skipping step: IDEDistributionAppStoreInformationStep because it said so
2026-07-14 08:35:42 +0000 [MT] Processing step: IDEDistributionGenerateProcessedDistributionItems
2026-07-14 08:35:42 +0000 [MT] IDEDistributionItem init <DVTFilePath:0x804cfd180:'/var/folders/gq/m1g4kpr13zj60np03qmyw5z40000gn/T/XcodeDistPipeline.~~~iKJUiN/Root/Applications/FocusGate.app/Contents/Library/SystemExtensions/dev.turkdogan.FocusGate.FocusGateExtension.systemextension'>
2026-07-14 08:35:42 +0000 [MT] IDEDistributionItem init <DVTFilePath:0x80436eac0:'/var/folders/gq/m1g4kpr13zj60np03qmyw5z40000gn/T/XcodeDistPipeline.~~~iKJUiN/Root/Applications/FocusGate.app'>
2026-07-14 08:35:42 +0000 [MT] Processing step: IDEDistributionCreateManifestStep
2026-07-14 08:35:42 +0000 [MT] Skipping step: IDEDistributionCreateManifestStep because it said so
